<html>
<head>
    <meta charset="UTF-8">
    <meta name="viewport" content="width=device-width,initial-scale=1,maximum-scale=1,user-scalable=0,maximum-scale=1">
    
    <title>gka-preview</title>
</head>
<body>

    <div style="position: fixed; bottom: 60px;">
        widthï¼š<input type="range" min="0" max="170" value="85" oninput="container.style.width=this.value+'px';">
    </div>
    <svg id="container" xmlns="http://www.w3.org/2000/svg" viewBox="0 0 85 85" style="width: 85px">
        <foreignObject x="0" y="0" width="85" height="85">
            <svg xmlns="http://www.w3.org/2000/svg" viewBox="0 0 85 85" preserveAspectRatio="xMidYMin meet" style="width: 100%; opacity: 0; background-size: cover; background-position: left top; background-repeat: no-repeat; background-image: url(./img/0.png)">
                <animate attributeName="opacity" begin="0s" dur="1.030000s" values="1; 0; 0" keyTimes="0; 0.055556; 1" calcMode="discrete" repeatCount="indefinite" fill="freeze" restart="always" />
            </svg>
        </foreignObject>
        <foreignObject x="0" y="0" width="85" height="85">
            <svg xmlns="http://www.w3.org/2000/svg" viewBox="0 0 85 85" preserveAspectRatio="xMidYMin meet" style="width: 100%; opacity: 0; background-size: cover; background-position: left top; background-repeat: no-repeat; background-image: url(./img/1.png)">
                <animate attributeName="opacity" begin="0s" dur="1.030000s" values="0; 1; 0; 0" keyTimes="0; 0.055556; 0.111111; 1" calcMode="discrete" repeatCount="indefinite" fill="freeze" restart="always" />
            </svg>
        </foreignObject>
        <foreignObject x="0" y="0" width="85" height="85">
            <svg xmlns="http://www.w3.org/2000/svg" viewBox="0 0 85 85" preserveAspectRatio="xMidYMin meet" style="width: 100%; opacity: 0; background-size: cover; background-position: left top; background-repeat: no-repeat; background-image: url(./img/2.png)">
                <animate attributeName="opacity" begin="0s" dur="1.030000s" values="0; 1; 0; 0" keyTimes="0; 0.111111; 0.166667; 1" calcMode="discrete" repeatCount="indefinite" fill="freeze" restart="always" />
            </svg>
        </foreignObject>
        <foreignObject x="0" y="0" width="85" height="85">
            <svg xmlns="http://www.w3.org/2000/svg" viewBox="0 0 85 85" preserveAspectRatio="xMidYMin meet" style="width: 100%; opacity: 0; background-size: cover; background-position: left top; background-repeat: no-repeat; background-image: url(./img/3.png)">
                <animate attributeName="opacity" begin="0s" dur="1.030000s" values="0; 1; 0; 0" keyTimes="0; 0.166667; 0.222222; 1" calcMode="discrete" repeatCount="indefinite" fill="freeze" restart="always" />
            </svg>
        </foreignObject>
        <foreignObject x="0" y="0" width="85" height="85">
            <svg xmlns="http://www.w3.org/2000/svg" viewBox="0 0 85 85" preserveAspectRatio="xMidYMin meet" style="width: 100%; opacity: 0; background-size: cover; background-position: left top; background-repeat: no-repeat; background-image: url(./img/4.png)">
                <animate attributeName="opacity" begin="0s" dur="1.030000s" values="0; 1; 0; 0" keyTimes="0; 0.222222; 0.277778; 1" calcMode="discrete" repeatCount="indefinite" fill="freeze" restart="always" />
            </svg>
        </foreignObject>
        <foreignObject x="0" y="0" width="85" height="85">
            <svg xmlns="http://www.w3.org/2000/svg" viewBox="0 0 85 85" preserveAspectRatio="xMidYMin meet" style="width: 100%; opacity: 0; background-size: cover; background-position: left top; background-repeat: no-repeat; background-image: url(./img/5.png)">
                <animate attributeName="opacity" begin="0s" dur="1.030000s" values="0; 1; 0; 0" keyTimes="0; 0.277778; 0.333333; 1" calcMode="discrete" repeatCount="indefinite" fill="freeze" restart="always" />
            </svg>
        </foreignObject>
        <foreignObject x="0" y="0" width="85" height="85">
            <svg xmlns="http://www.w3.org/2000/svg" viewBox="0 0 85 85" preserveAspectRatio="xMidYMin meet" style="width: 100%; opacity: 0; background-size: cover; background-position: left top; background-repeat: no-repeat; background-image: url(./img/6.png)">
                <animate attributeName="opacity" begin="0s" dur="1.030000s" values="0; 1; 0; 0" keyTimes="0; 0.333333; 0.388889; 1" calcMode="discrete" repeatCount="indefinite" fill="freeze" restart="always" />
            </svg>
        </foreignObject>
        <foreignObject x="0" y="0" width="85" height="85">
            <svg xmlns="http://www.w3.org/2000/svg" viewBox="0 0 85 85" preserveAspectRatio="xMidYMin meet" style="width: 100%; opacity: 0; background-size: cover; background-position: left top; background-repeat: no-repeat; background-image: url(./img/7.png)">
                <animate attributeName="opacity" begin="0s" dur="1.030000s" values="0; 1; 0; 0" keyTimes="0; 0.388889; 0.444444; 1" calcMode="discrete" repeatCount="indefinite" fill="freeze" restart="always" />
            </svg>
        </foreignObject>
        <foreignObject x="0" y="0" width="85" height="85">
            <svg xmlns="http://www.w3.org/2000/svg" viewBox="0 0 85 85" preserveAspectRatio="xMidYMin meet" style="width: 100%; opacity: 0; background-size: cover; background-position: left top; background-repeat: no-repeat; background-image: url(./img/8.png)">
                <animate attributeName="opacity" begin="0s" dur="1.030000s" values="0; 1; 0; 0" keyTimes="0; 0.444444; 0.500000; 1" calcMode="discrete" repeatCount="indefinite" fill="freeze" restart="always" />
            </svg>
        </foreignObject>
        <foreignObject x="0" y="0" width="85" height="85">
            <svg xmlns="http://www.w3.org/2000/svg" viewBox="0 0 85 85" preserveAspectRatio="xMidYMin meet" style="width: 100%; opacity: 0; background-size: cover; background-position: left top; background-repeat: no-repeat; background-image: url(./img/9.png)">
                <animate attributeName="opacity" begin="0s" dur="1.030000s" values="0; 1; 0; 0" keyTimes="0; 0.500000; 0.555556; 1" calcMode="discrete" repeatCount="indefinite" fill="freeze" restart="always" />
            </svg>
        </foreignObject>
        <foreignObject x="0" y="0" width="85" height="85">
            <svg xmlns="http://www.w3.org/2000/svg" viewBox="0 0 85 85" preserveAspectRatio="xMidYMin meet" style="width: 100%; opacity: 0; background-size: cover; background-position: left top; background-repeat: no-repeat; background-image: url(./img/10.png)">
                <animate attributeName="opacity" begin="0s" dur="1.030000s" values="0; 1; 0; 0" keyTimes="0; 0.555556; 0.611111; 1" calcMode="discrete" repeatCount="indefinite" fill="freeze" restart="always" />
            </svg>
        </foreignObject>
        <foreignObject x="0" y="0" width="85" height="85">
            <svg xmlns="http://www.w3.org/2000/svg" viewBox="0 0 85 85" preserveAspectRatio="xMidYMin meet" style="width: 100%; opacity: 0; background-size: cover; background-position: left top; background-repeat: no-repeat; background-image: url(./img/11.png)">
                <animate attributeName="opacity" begin="0s" dur="1.030000s" values="0; 1; 0; 0" keyTimes="0; 0.611111; 0.666667; 1" calcMode="discrete" repeatCount="indefinite" fill="freeze" restart="always" />
            </svg>
        </foreignObject>
        <foreignObject x="0" y="0" width="85" height="85">
            <svg xmlns="http://www.w3.org/2000/svg" viewBox="0 0 85 85" preserveAspectRatio="xMidYMin meet" style="width: 100%; opacity: 0; background-size: cover; background-position: left top; background-repeat: no-repeat; background-image: url(./img/12.png)">
                <animate attributeName="opacity" begin="0s" dur="1.030000s" values="0; 1; 0; 0" keyTimes="0; 0.666667; 0.722222; 1" calcMode="discrete" repeatCount="indefinite" fill="freeze" restart="always" />
            </svg>
        </foreignObject>
        <foreignObject x="0" y="0" width="85" height="85">
            <svg xmlns="http://www.w3.org/2000/svg" viewBox="0 0 85 85" preserveAspectRatio="xMidYMin meet" style="width: 100%; opacity: 0; background-size: cover; background-position: left top; background-repeat: no-repeat; background-image: url(./img/13.png)">
                <animate attributeName="opacity" begin="0s" dur="1.030000s" values="0; 1; 0; 0" keyTimes="0; 0.722222; 0.777778; 1" calcMode="discrete" repeatCount="indefinite" fill="freeze" restart="always" />
            </svg>
        </foreignObject>
        <foreignObject x="0" y="0" width="85" height="85">
            <svg xmlns="http://www.w3.org/2000/svg" viewBox="0 0 85 85" preserveAspectRatio="xMidYMin meet" style="width: 100%; opacity: 0; background-size: cover; background-position: left top; background-repeat: no-repeat; background-image: url(./img/14.png)">
                <animate attributeName="opacity" begin="0s" dur="1.030000s" values="0; 1; 0; 0" keyTimes="0; 0.777778; 0.833333; 1" calcMode="discrete" repeatCount="indefinite" fill="freeze" restart="always" />
            </svg>
        </foreignObject>
        <foreignObject x="0" y="0" width="85" height="85">
            <svg xmlns="http://www.w3.org/2000/svg" viewBox="0 0 85 85" preserveAspectRatio="xMidYMin meet" style="width: 100%; opacity: 0; background-size: cover; background-position: left top; background-repeat: no-repeat; background-image: url(./img/15.png)">
                <animate attributeName="opacity" begin="0s" dur="1.030000s" values="0; 1; 0; 0" keyTimes="0; 0.833333; 0.888889; 1" calcMode="discrete" repeatCount="indefinite" fill="freeze" restart="always" />
            </svg>
        </foreignObject>
        <foreignObject x="0" y="0" width="85" height="85">
            <svg xmlns="http://www.w3.org/2000/svg" viewBox="0 0 85 85" preserveAspectRatio="xMidYMin meet" style="width: 100%; opacity: 0; background-size: cover; background-position: left top; background-repeat: no-repeat; background-image: url(./img/16.png)">
                <animate attributeName="opacity" begin="0s" dur="1.030000s" values="0; 1; 0; 0" keyTimes="0; 0.888889; 0.944444; 1" calcMode="discrete" repeatCount="indefinite" fill="freeze" restart="always" />
            </svg>
        </foreignObject>
        <foreignObject x="0" y="0" width="85" height="85">
            <svg xmlns="http://www.w3.org/2000/svg" viewBox="0 0 85 85" preserveAspectRatio="xMidYMin meet" style="width: 100%; opacity: 0; background-size: cover; background-position: left top; background-repeat: no-repeat; background-image: url(./img/17.png)">
                <animate attributeName="opacity" begin="0s" dur="1.030000s" values="0; 1; 0" keyTimes="0; 0.944444; 1" calcMode="discrete" repeatCount="indefinite" fill="freeze" restart="always" />
            </svg>
        </foreignObject>
    </svg>
</body>
</html>